Archive member included to satisfy reference by file (symbol)

c:/program files (x86)/atmel/studio/7.0/toolchain/arm/arm-gnu-toolchain/bin/../lib/gcc/arm-none-eabi/6.3.1/thumb/v6-m\libgcc.a(_udivsi3.o)
                              src/ASF/common2/services/delay/sam0/systick_counter.o (__aeabi_uidiv)
c:/program files (x86)/atmel/studio/7.0/toolchain/arm/arm-gnu-toolchain/bin/../lib/gcc/arm-none-eabi/6.3.1/thumb/v6-m\libgcc.a(_dvmd_tls.o)
                              c:/program files (x86)/atmel/studio/7.0/toolchain/arm/arm-gnu-toolchain/bin/../lib/gcc/arm-none-eabi/6.3.1/thumb/v6-m\libgcc.a(_udivsi3.o) (__aeabi_idiv0)
c:/program files (x86)/atmel/studio/7.0/toolchain/arm/arm-gnu-toolchain/bin/../lib/gcc/arm-none-eabi/6.3.1/thumb/v6-m\libgcc.a(_muldi3.o)
                              src/ASF/sam0/drivers/sercom/sercom.o (__aeabi_lmul)
c:/program files (x86)/atmel/studio/7.0/toolchain/arm/arm-gnu-toolchain/bin/../lib/gcc/arm-none-eabi/6.3.1/../../../../arm-none-eabi/lib/thumb/v6-m\libc_nano.a(lib_a-exit.o)
                              c:/program files (x86)/atmel/studio/7.0/toolchain/arm/arm-gnu-toolchain/bin/../lib/gcc/arm-none-eabi/6.3.1/../../../../arm-none-eabi/lib/thumb/v6-m/crt0.o (exit)
c:/program files (x86)/atmel/studio/7.0/toolchain/arm/arm-gnu-toolchain/bin/../lib/gcc/arm-none-eabi/6.3.1/../../../../arm-none-eabi/lib/thumb/v6-m\libc_nano.a(lib_a-impure.o)
                              c:/program files (x86)/atmel/studio/7.0/toolchain/arm/arm-gnu-toolchain/bin/../lib/gcc/arm-none-eabi/6.3.1/../../../../arm-none-eabi/lib/thumb/v6-m\libc_nano.a(lib_a-exit.o) (_global_impure_ptr)
c:/program files (x86)/atmel/studio/7.0/toolchain/arm/arm-gnu-toolchain/bin/../lib/gcc/arm-none-eabi/6.3.1/../../../../arm-none-eabi/lib/thumb/v6-m\libc_nano.a(lib_a-init.o)
                              c:/program files (x86)/atmel/studio/7.0/toolchain/arm/arm-gnu-toolchain/bin/../lib/gcc/arm-none-eabi/6.3.1/../../../../arm-none-eabi/lib/thumb/v6-m/crt0.o (__libc_init_array)
c:/program files (x86)/atmel/studio/7.0/toolchain/arm/arm-gnu-toolchain/bin/../lib/gcc/arm-none-eabi/6.3.1/../../../../arm-none-eabi/lib/thumb/v6-m\libc_nano.a(lib_a-memset.o)
                              c:/program files (x86)/atmel/studio/7.0/toolchain/arm/arm-gnu-toolchain/bin/../lib/gcc/arm-none-eabi/6.3.1/../../../../arm-none-eabi/lib/thumb/v6-m/crt0.o (memset)

Allocating common symbols
Common symbol       size              file

usart_instance      0xc               src/main.o
spi_master_instance
                    0xc               lcd.o
slave               0x3               lcd.o

Discarded input sections

 .text          0x00000000        0x0 c:/program files (x86)/atmel/studio/7.0/toolchain/arm/arm-gnu-toolchain/bin/../lib/gcc/arm-none-eabi/6.3.1/thumb/v6-m/crti.o
 .data          0x00000000        0x0 c:/program files (x86)/atmel/studio/7.0/toolchain/arm/arm-gnu-toolchain/bin/../lib/gcc/arm-none-eabi/6.3.1/thumb/v6-m/crti.o
 .bss           0x00000000        0x0 c:/program files (x86)/atmel/studio/7.0/toolchain/arm/arm-gnu-toolchain/bin/../lib/gcc/arm-none-eabi/6.3.1/thumb/v6-m/crti.o
 .data          0x00000000        0x4 c:/program files (x86)/atmel/studio/7.0/toolchain/arm/arm-gnu-toolchain/bin/../lib/gcc/arm-none-eabi/6.3.1/thumb/v6-m/crtbegin.o
 .text          0x00000000       0x78 c:/program files (x86)/atmel/studio/7.0/toolchain/arm/arm-gnu-toolchain/bin/../lib/gcc/arm-none-eabi/6.3.1/../../../../arm-none-eabi/lib/thumb/v6-m/crt0.o
 .data          0x00000000        0x0 c:/program files (x86)/atmel/studio/7.0/toolchain/arm/arm-gnu-toolchain/bin/../lib/gcc/arm-none-eabi/6.3.1/../../../../arm-none-eabi/lib/thumb/v6-m/crt0.o
 .bss           0x00000000        0x0 c:/program files (x86)/atmel/studio/7.0/toolchain/arm/arm-gnu-toolchain/bin/../lib/gcc/arm-none-eabi/6.3.1/../../../../arm-none-eabi/lib/thumb/v6-m/crt0.o
 .ARM.extab     0x00000000        0x0 c:/program files (x86)/atmel/studio/7.0/toolchain/arm/arm-gnu-toolchain/bin/../lib/gcc/arm-none-eabi/6.3.1/../../../../arm-none-eabi/lib/thumb/v6-m/crt0.o
 .ARM.exidx     0x00000000        0x8 c:/program files (x86)/atmel/studio/7.0/toolchain/arm/arm-gnu-toolchain/bin/../lib/gcc/arm-none-eabi/6.3.1/../../../../arm-none-eabi/lib/thumb/v6-m/crt0.o
 .ARM.attributes
                0x00000000       0x1b c:/program files (x86)/atmel/studio/7.0/toolchain/arm/arm-gnu-toolchain/bin/../lib/gcc/arm-none-eabi/6.3.1/../../../../arm-none-eabi/lib/thumb/v6-m/crt0.o
 .group         0x00000000        0x8 lcd.o
 .group         0x00000000        0x8 lcd.o
 .group         0x00000000        0x8 lcd.o
 .group         0x00000000        0x8 lcd.o
 .group         0x00000000        0x8 lcd.o
 .group         0x00000000        0x8 lcd.o
 .group         0x00000000        0x8 lcd.o
 .group         0x00000000        0x8 lcd.o
 .group         0x00000000        0x8 lcd.o
 .group         0x00000000        0x8 lcd.o
 .group         0x00000000        0x8 lcd.o
 .group         0x00000000        0x8 lcd.o
[...]
Memory Configuration

Name             Origin             Length             Attributes
rom              0x00000000         0x00004000         xr
ram              0x20000000         0x00001000         xrw
*default*        0x00000000         0xffffffff

Linker script and memory map

LOAD c:/program files (x86)/atmel/studio/7.0/toolchain/arm/arm-gnu-toolchain/bin/../lib/gcc/arm-none-eabi/6.3.1/thumb/v6-m/crti.o
LOAD c:/program files (x86)/atmel/studio/7.0/toolchain/arm/arm-gnu-toolchain/bin/../lib/gcc/arm-none-eabi/6.3.1/thumb/v6-m/crtbegin.o
LOAD c:/program files (x86)/atmel/studio/7.0/toolchain/arm/arm-gnu-toolchain/bin/../lib/gcc/arm-none-eabi/6.3.1/../../../../arm-none-eabi/lib/thumb/v6-m/crt0.o
LOAD lcd.o
LOAD src/ASF/sam0/drivers/sercom/usart/usart.o
LOAD src/ASF/common2/services/delay/sam0/systick_counter.o
LOAD src/ASF/sam0/drivers/sercom/sercom.o
LOAD src/ASF/sam0/drivers/sercom/spi/spi.o
LOAD src/ASF/common/utils/interrupt/interrupt_sam_nvic.o
LOAD src/ASF/sam0/boards/samd10_xplained_mini/board_init.o
LOAD src/ASF/sam0/drivers/port/port.o
LOAD src/ASF/sam0/drivers/system/clock/clock_samd09_d10_d11/clock.o
LOAD src/ASF/sam0/drivers/system/clock/clock_samd09_d10_d11/gclk.o
LOAD src/ASF/sam0/drivers/system/interrupt/system_interrupt.o
LOAD src/ASF/sam0/drivers/system/pinmux/pinmux.o
LOAD src/ASF/sam0/drivers/system/system.o
LOAD src/ASF/sam0/utils/cmsis/samd10/source/gcc/startup_samd10.o
LOAD src/ASF/sam0/utils/cmsis/samd10/source/system_samd10.o
LOAD src/ASF/sam0/utils/syscalls/gcc/syscalls.o
LOAD src/main.o
START GROUP
LOAD ../src/ASF/thirdparty/CMSIS/Lib/GCC\libarm_cortexM0l_math.a
LOAD c:/program files (x86)/atmel/studio/7.0/toolchain/arm/arm-gnu-toolchain/bin/../lib/gcc/arm-none-eabi/6.3.1/../../../../arm-none-eabi/lib/thumb/v6-m\libm.a
END GROUP
START GROUP
LOAD c:/program files (x86)/atmel/studio/7.0/toolchain/arm/arm-gnu-toolchain/bin/../lib/gcc/arm-none-eabi/6.3.1/thumb/v6-m\libgcc.a
LOAD c:/program files (x86)/atmel/studio/7.0/toolchain/arm/arm-gnu-toolchain/bin/../lib/gcc/arm-none-eabi/6.3.1/../../../../arm-none-eabi/lib/thumb/v6-m\libc_nano.a
END GROUP
START GROUP
LOAD c:/program files (x86)/atmel/studio/7.0/toolchain/arm/arm-gnu-toolchain/bin/../lib/gcc/arm-none-eabi/6.3.1/thumb/v6-m\libgcc.a
LOAD c:/program files (x86)/atmel/studio/7.0/toolchain/arm/arm-gnu-toolchain/bin/../lib/gcc/arm-none-eabi/6.3.1/../../../../arm-none-eabi/lib/thumb/v6-m\libc_nano.a
END GROUP
LOAD c:/program files (x86)/atmel/studio/7.0/toolchain/arm/arm-gnu-toolchain/bin/../lib/gcc/arm-none-eabi/6.3.1/thumb/v6-m/crtend.o
LOAD c:/program files (x86)/atmel/studio/7.0/toolchain/arm/arm-gnu-toolchain/bin/../lib/gcc/arm-none-eabi/6.3.1/thumb/v6-m/crtn.o
                0x00000400                STACK_SIZE = DEFINED (STACK_SIZE)?STACK_SIZE:DEFINED (__stack_size__)?__stack_size__:0x400

.text           0x00000000     0x2170
                0x00000000                . = ALIGN (0x4)
                0x00000000                _sfixed = .
 *(.vectors .vectors.*)
 .vectors       0x00000000       0x8c src/ASF/sam0/utils/cmsis/samd10/source/gcc/startup_samd10.o
                0x00000000                exception_table
 *(.text .text.* .gnu.linkonce.t.*)
 .text          0x0000008c       0x60 c:/program files (x86)/atmel/studio/7.0/toolchain/arm/arm-gnu-toolchain/bin/../lib/gcc/arm-none-eabi/6.3.1/thumb/v6-m/crtbegin.o
 .text.configure_port_pins
                0x000000ec       0x20 lcd.o
                0x000000ec                configure_port_pins
 .text.configure_spi_master
                0x0000010c       0xc0 lcd.o
                0x0000010c                configure_spi_master
 .text.spi_io   0x000001cc       0x14 lcd.o
                0x000001cc                spi_io
 .text.LCD_command
                0x000001e0       0x40 lcd.o
                0x000001e0                LCD_command
 .text.LCD_data
                0x00000220       0x40 lcd.o
                0x00000220                LCD_data
 .text.LCD_data16
                0x00000260       0x4c lcd.o
                0x00000260                LCD_data16
 .text.LCD_init
                0x000002ac      0x1cc lcd.o
                0x000002ac                LCD_init
 .text.LCD_setAddr
                0x00000478       0x38 lcd.o
                0x00000478                LCD_setAddr
 .text.LCD_drawPixel
                0x000004b0       0x20 lcd.o
                0x000004b0                LCD_drawPixel
 .text.LCD_drawYLine
                0x000004d0       0x20 lcd.o
                0x000004d0                LCD_drawYLine
 .text.LCD_drawXLine
                0x000004f0       0x20 lcd.o
                0x000004f0                LCD_drawXLine
 .text.drawChar
                0x00000510       0xa8 lcd.o
                0x00000510                drawChar
 .text.drawString
                0x000005b8       0x3c lcd.o
                0x000005b8                drawString
 .text.LCD_clearScreen
                0x000005f4       0x2c lcd.o
                0x000005f4                LCD_clearScreen
 .text.usart_init
                0x00000620      0x2fc src/ASF/sam0/drivers/sercom/usart/usart.o
                0x00000620                usart_init
 .text.usart_write_wait
                0x0000091c       0x2a src/ASF/sam0/drivers/sercom/usart/usart.o
                0x0000091c                usart_write_wait
 .text.usart_read_wait
                0x00000946       0x68 src/ASF/sam0/drivers/sercom/usart/usart.o
                0x00000946                usart_read_wait
 *fill*         0x000009ae        0x2 
 .text.usart_write_buffer_wait
                0x000009b0       0xc0 src/ASF/sam0/drivers/sercom/usart/usart.o
                0x000009b0                usart_write_buffer_wait
 .text.delay_init
                0x00000a70       0x40 src/ASF/common2/services/delay/sam0/systick_counter.o
                0x00000a70                delay_init
 .text.delay_cycles_ms
                0x00000ab0       0x2c src/ASF/common2/services/delay/sam0/systick_counter.o
                0x00000ab0                delay_cycles_ms
 .text.long_division
                0x00000adc       0xba src/ASF/sam0/drivers/sercom/sercom.o
 .text._sercom_get_sync_baud_val
                0x00000b96       0x28 src/ASF/sam0/drivers/sercom/sercom.o
                0x00000b96                _sercom_get_sync_baud_val
 *fill*         0x00000bbe        0x2 
 .text._sercom_get_async_baud_val
                0x00000bc0       0x94 src/ASF/sam0/drivers/sercom/sercom.o
                0x00000bc0                _sercom_get_async_baud_val
 .text.sercom_set_gclk_generator
                0x00000c54       0x4c src/ASF/sam0/drivers/sercom/sercom.o
                0x00000c54                sercom_set_gclk_generator
 .text._sercom_get_default_pad
                0x00000ca0       0xc0 src/ASF/sam0/drivers/sercom/sercom.o
                0x00000ca0                _sercom_get_default_pad
 .text._sercom_get_sercom_inst_index
                0x00000d60       0x38 src/ASF/sam0/drivers/sercom/sercom.o
                0x00000d60                _sercom_get_sercom_inst_index
 .text.spi_init
                0x00000d98      0x334 src/ASF/sam0/drivers/sercom/spi/spi.o
                0x00000d98                spi_init
 .text.spi_select_slave
                0x000010cc       0xf4 src/ASF/sam0/drivers/sercom/spi/spi.o
                0x000010cc                spi_select_slave
 .text.cpu_irq_enter_critical
                0x000011c0       0x40 src/ASF/common/utils/interrupt/interrupt_sam_nvic.o
                0x000011c0                cpu_irq_enter_critical
 .text.cpu_irq_leave_critical
                0x00001200       0x30 src/ASF/common/utils/interrupt/interrupt_sam_nvic.o
                0x00001200                cpu_irq_leave_critical
 .text.system_board_init
                0x00001230       0x38 src/ASF/sam0/boards/samd10_xplained_mini/board_init.o
                0x00001230                board_init
                0x00001230                system_board_init
 .text.port_pin_set_config
                0x00001268       0x24 src/ASF/sam0/drivers/port/port.o
                0x00001268                port_pin_set_config
 .text.system_clock_source_get_hz
                0x0000128c       0x94 src/ASF/sam0/drivers/system/clock/clock_samd09_d10_d11/clock.o
                0x0000128c                system_clock_source_get_hz
 .text.system_clock_source_osc8m_set_config
                0x00001320       0x3c src/ASF/sam0/drivers/system/clock/clock_samd09_d10_d11/clock.o
                0x00001320                system_clock_source_osc8m_set_config
 .text.system_clock_source_osc32k_set_config
                0x0000135c       0x7c src/ASF/sam0/drivers/system/clock/clock_samd09_d10_d11/clock.o
                0x0000135c                system_clock_source_osc32k_set_config
 .text.system_clock_source_dfll_set_config
                0x000013d8       0x80 src/ASF/sam0/drivers/system/clock/clock_samd09_d10_d11/clock.o
                0x000013d8                system_clock_source_dfll_set_config
 .text.system_clock_source_enable
                0x00001458       0xa8 src/ASF/sam0/drivers/system/clock/clock_samd09_d10_d11/clock.o
                0x00001458                system_clock_source_enable
 .text.system_clock_init
                0x00001500      0x154 src/ASF/sam0/drivers/system/clock/clock_samd09_d10_d11/clock.o
                0x00001500                system_clock_init
 .text.system_gclk_init
                0x00001654       0x24 src/ASF/sam0/drivers/system/clock/clock_samd09_d10_d11/gclk.o
                0x00001654                system_gclk_init
 .text.system_gclk_gen_set_config
                0x00001678       0xb8 src/ASF/sam0/drivers/system/clock/clock_samd09_d10_d11/gclk.o
                0x00001678                system_gclk_gen_set_config
 .text.system_gclk_gen_enable
                0x00001730       0x44 src/ASF/sam0/drivers/system/clock/clock_samd09_d10_d11/gclk.o
                0x00001730                system_gclk_gen_enable
 .text.system_gclk_gen_get_hz
                0x00001774       0x8c src/ASF/sam0/drivers/system/clock/clock_samd09_d10_d11/gclk.o
                0x00001774                system_gclk_gen_get_hz
 .text.system_gclk_chan_enable
                0x00001800       0x30 src/ASF/sam0/drivers/system/clock/clock_samd09_d10_d11/gclk.o
                0x00001800                system_gclk_chan_enable
 .text.system_gclk_chan_disable
                0x00001830       0x5c src/ASF/sam0/drivers/system/clock/clock_samd09_d10_d11/gclk.o
                0x00001830                system_gclk_chan_disable
 .text.system_gclk_chan_set_config
                0x0000188c       0x1c src/ASF/sam0/drivers/system/clock/clock_samd09_d10_d11/gclk.o
                0x0000188c                system_gclk_chan_set_config
 .text.system_gclk_chan_get_hz
                0x000018a8       0x34 src/ASF/sam0/drivers/system/clock/clock_samd09_d10_d11/gclk.o
                0x000018a8                system_gclk_chan_get_hz
 .text._system_pinmux_config
                0x000018dc       0xa8 src/ASF/sam0/drivers/system/pinmux/pinmux.o
 .text.system_pinmux_pin_set_config
                0x00001984       0x30 src/ASF/sam0/drivers/system/pinmux/pinmux.o
                0x00001984                system_pinmux_pin_set_config
 .text._system_dummy_init
                0x000019b4        0x2 src/ASF/sam0/drivers/system/system.o
                0x000019b4                _system_extint_init
                0x000019b4                _system_events_init
                0x000019b4                _system_dummy_init
                0x000019b4                _system_divas_init
 *fill*         0x000019b6        0x2 
 .text.system_init
                0x000019b8       0x2c src/ASF/sam0/drivers/system/system.o
                0x000019b8                system_init
 .text.Dummy_Handler
                0x000019e4        0x2 src/ASF/sam0/utils/cmsis/samd10/source/gcc/startup_samd10.o
                0x000019e4                DMAC_Handler
                0x000019e4                HardFault_Handler
                0x000019e4                TC2_Handler
                0x000019e4                AC_Handler
                0x000019e4                SysTick_Handler
                0x000019e4                PendSV_Handler
                0x000019e4                NMI_Handler
                0x000019e4                SERCOM1_Handler
                0x000019e4                ADC_Handler
                0x000019e4                SERCOM2_Handler
                0x000019e4                TCC0_Handler
                0x000019e4                RTC_Handler
                0x000019e4                EIC_Handler
                0x000019e4                WDT_Handler
                0x000019e4                TC1_Handler
                0x000019e4                Dummy_Handler
                0x000019e4                PM_Handler
                0x000019e4                SVC_Handler
                0x000019e4                EVSYS_Handler
                0x000019e4                NVMCTRL_Handler
                0x000019e4                SERCOM0_Handler
                0x000019e4                DAC_Handler
                0x000019e4                PTC_Handler
                0x000019e4                SYSCTRL_Handler
 *fill*         0x000019e6        0x2 
 .text.Reset_Handler
                0x000019e8       0xd0 src/ASF/sam0/utils/cmsis/samd10/source/gcc/startup_samd10.o
                0x000019e8                Reset_Handler
 .text.configure_usart
                0x00001ab8       0xa0 src/main.o
                0x00001ab8                configure_usart
 .text.process_numbers
                0x00001b58       0x5a src/main.o
                0x00001b58                process_numbers
 *fill*         0x00001bb2        0x2 
 .text.main     0x00001bb4      0x178 src/main.o
                0x00001bb4                main
 .text          0x00001d2c      0x114 c:/program files (x86)/atmel/studio/7.0/toolchain/arm/arm-gnu-toolchain/bin/../lib/gcc/arm-none-eabi/6.3.1/thumb/v6-m\libgcc.a(_udivsi3.o)
                0x00001d2c                __aeabi_uidiv
                0x00001d2c                __udivsi3
                0x00001e38                __aeabi_uidivmod
 .text          0x00001e40        0x4 c:/program files (x86)/atmel/studio/7.0/toolchain/arm/arm-gnu-toolchain/bin/../lib/gcc/arm-none-eabi/6.3.1/thumb/v6-m\libgcc.a(_dvmd_tls.o)
                0x00001e40                __aeabi_idiv0
                0x00001e40                __aeabi_ldiv0
 .text          0x00001e44       0x54 c:/program files (x86)/atmel/studio/7.0/toolchain/arm/arm-gnu-toolchain/bin/../lib/gcc/arm-none-eabi/6.3.1/thumb/v6-m\libgcc.a(_muldi3.o)
                0x00001e44                __muldi3
                0x00001e44                __aeabi_lmul
 .text.__libc_init_array
                0x00001e98       0x48 c:/program files (x86)/atmel/studio/7.0/toolchain/arm/arm-gnu-toolchain/bin/../lib/gcc/arm-none-eabi/6.3.1/../../../../arm-none-eabi/lib/thumb/v6-m\libc_nano.a(lib_a-init.o)
                0x00001e98                __libc_init_array
 .text.memset   0x00001ee0       0x10 c:/program files (x86)/atmel/studio/7.0/toolchain/arm/arm-gnu-toolchain/bin/../lib/gcc/arm-none-eabi/6.3.1/../../../../arm-none-eabi/lib/thumb/v6-m\libc_nano.a(lib_a-memset.o)
                0x00001ee0                memset
 *(.glue_7t)
 .glue_7t       0x00001ef0        0x0 linker stubs
 *(.glue_7)
 .glue_7        0x00001ef0        0x0 linker stubs
 *(.rodata .rodata* .gnu.linkonce.r.*)
 .rodata.ASCII  0x00001ef0      0x1e0 lcd.o
 .rodata        0x000020d0        0xc src/ASF/sam0/drivers/sercom/sercom.o
 .rodata.system_clock_source_get_hz
                0x000020dc       0x24 src/ASF/sam0/drivers/system/clock/clock_samd09_d10_d11/clock.o
 .rodata.system_clock_source_enable
                0x00002100       0x24 src/ASF/sam0/drivers/system/clock/clock_samd09_d10_d11/clock.o
 .rodata.main   0x00002124       0x1c src/main.o
 .rodata.main.str1.4
                0x00002140       0x10 src/main.o
                                  0xf (size before relaxing)
 *(.ARM.extab* .gnu.linkonce.armextab.*)
                0x00002150                . = ALIGN (0x4)
 *(.init)
 .init          0x00002150        0x4 c:/program files (x86)/atmel/studio/7.0/toolchain/arm/arm-gnu-toolchain/bin/../lib/gcc/arm-none-eabi/6.3.1/thumb/v6-m/crti.o
                0x00002150                _init
 .init          0x00002154        0x8 c:/program files (x86)/atmel/studio/7.0/toolchain/arm/arm-gnu-toolchain/bin/../lib/gcc/arm-none-eabi/6.3.1/thumb/v6-m/crtn.o
                0x0000215c                . = ALIGN (0x4)
                0x0000215c                __preinit_array_start = .
 *(.preinit_array)
                0x0000215c                __preinit_array_end = .
                0x0000215c                . = ALIGN (0x4)
                0x0000215c                __init_array_start = .
 *(SORT(.init_array.*))
 *(.init_array)
 .init_array    0x0000215c        0x4 c:/program files (x86)/atmel/studio/7.0/toolchain/arm/arm-gnu-toolchain/bin/../lib/gcc/arm-none-eabi/6.3.1/thumb/v6-m/crtbegin.o
                0x00002160                __init_array_end = .
                0x00002160                . = ALIGN (0x4)
 *crtbegin.o(.ctors)
 *(EXCLUDE_FILE(*crtend.o) .ctors)
 *(SORT(.ctors.*))
 *crtend.o(.ctors)
                0x00002160                . = ALIGN (0x4)
 *(.fini)
 .fini          0x00002160        0x4 c:/program files (x86)/atmel/studio/7.0/toolchain/arm/arm-gnu-toolchain/bin/../lib/gcc/arm-none-eabi/6.3.1/thumb/v6-m/crti.o
                0x00002160                _fini
 .fini          0x00002164        0x8 c:/program files (x86)/atmel/studio/7.0/toolchain/arm/arm-gnu-toolchain/bin/../lib/gcc/arm-none-eabi/6.3.1/thumb/v6-m/crtn.o
                0x0000216c                . = ALIGN (0x4)
                0x0000216c                __fini_array_start = .
 *(.fini_array)
 .fini_array    0x0000216c        0x4 c:/program files (x86)/atmel/studio/7.0/toolchain/arm/arm-gnu-toolchain/bin/../lib/gcc/arm-none-eabi/6.3.1/thumb/v6-m/crtbegin.o
 *(SORT(.fini_array.*))
                0x00002170                __fini_array_end = .
 *crtbegin.o(.dtors)
 *(EXCLUDE_FILE(*crtend.o) .dtors)
 *(SORT(.dtors.*))
 *crtend.o(.dtors)
                0x00002170                . = ALIGN (0x4)
                0x00002170                _efixed = .
                [!provide]                PROVIDE (__exidx_start, .)

.vfp11_veneer   0x00002170        0x0
 .vfp11_veneer  0x00002170        0x0 linker stubs

.v4_bx          0x00002170        0x0
 .v4_bx         0x00002170        0x0 linker stubs

.iplt           0x00002170        0x0
 .iplt          0x00002170        0x0 c:/program files (x86)/atmel/studio/7.0/toolchain/arm/arm-gnu-toolchain/bin/../lib/gcc/arm-none-eabi/6.3.1/thumb/v6-m/crtbegin.o

.eh_frame       0x00002170        0x0
 .eh_frame      0x00002170        0x0 c:/program files (x86)/atmel/studio/7.0/toolchain/arm/arm-gnu-toolchain/bin/../lib/gcc/arm-none-eabi/6.3.1/thumb/v6-m/crtbegin.o

.rel.dyn        0x00002170        0x0
 .rel.iplt      0x00002170        0x0 c:/program files (x86)/atmel/studio/7.0/toolchain/arm/arm-gnu-toolchain/bin/../lib/gcc/arm-none-eabi/6.3.1/thumb/v6-m/crtbegin.o

.jcr            0x00002170        0x0
 .jcr           0x00002170        0x0 c:/program files (x86)/atmel/studio/7.0/toolchain/arm/arm-gnu-toolchain/bin/../lib/gcc/arm-none-eabi/6.3.1/thumb/v6-m/crtbegin.o

.igot.plt       0x00002170        0x0
 .igot.plt      0x00002170        0x0 c:/program files (x86)/atmel/studio/7.0/toolchain/arm/arm-gnu-toolchain/bin/../lib/gcc/arm-none-eabi/6.3.1/thumb/v6-m/crtbegin.o

.ARM.exidx
 *(.ARM.exidx* .gnu.linkonce.armexidx.*)
                [!provide]                PROVIDE (__exidx_end, .)
                0x00002170                . = ALIGN (0x4)
                0x00002170                _etext = .

.relocate       0x20000000        0xc load address 0x00002170
                0x20000000                . = ALIGN (0x4)
                0x20000000                _srelocate = .
 *(.ramfunc .ramfunc.*)
 *(.data .data.*)
 .data.cycles_per_ms
                0x20000000        0x4 src/ASF/common2/services/delay/sam0/systick_counter.o
 .data.cycles_per_us
                0x20000004        0x4 src/ASF/common2/services/delay/sam0/systick_counter.o
 .data.g_interrupt_enabled
                0x20000008        0x1 src/ASF/common/utils/interrupt/interrupt_sam_nvic.o
                0x20000008                g_interrupt_enabled
                0x2000000c                . = ALIGN (0x4)
 *fill*         0x20000009        0x3 
                0x2000000c                _erelocate = .

.bss            0x2000000c       0x5c load address 0x0000217c
                0x2000000c                . = ALIGN (0x4)
                0x2000000c                _sbss = .
                0x2000000c                _szero = .
 *(.bss .bss.*)
 .bss           0x2000000c       0x1c c:/program files (x86)/atmel/studio/7.0/toolchain/arm/arm-gnu-toolchain/bin/../lib/gcc/arm-none-eabi/6.3.1/thumb/v6-m/crtbegin.o
 .bss._sercom_config
                0x20000028        0x2 src/ASF/sam0/drivers/sercom/sercom.o
 *fill*         0x2000002a        0x2 
 .bss.cpu_irq_critical_section_counter
                0x2000002c        0x4 src/ASF/common/utils/interrupt/interrupt_sam_nvic.o
 .bss.cpu_irq_prev_interrupt_state
                0x20000030        0x1 src/ASF/common/utils/interrupt/interrupt_sam_nvic.o
 *fill*         0x20000031        0x3 
 .bss._system_clock_inst
                0x20000034       0x18 src/ASF/sam0/drivers/system/clock/clock_samd09_d10_d11/clock.o
 *(COMMON)
 COMMON         0x2000004c        0xf lcd.o
                0x2000004c                spi_master_instance
                0x20000058                slave
 *fill*         0x2000005b        0x1 
 COMMON         0x2000005c        0xc src/main.o
                0x2000005c                usart_instance
                0x20000068                . = ALIGN (0x4)
                0x20000068                _ebss = .
                0x20000068                _ezero = .

.stack          0x20000068      0x400 load address 0x000021d8
                0x20000068                . = ALIGN (0x8)
                0x20000068                _sstack = .
                0x20000468                . = (. + STACK_SIZE)
 *fill*         0x20000068      0x400 
                0x20000468                . = ALIGN (0x8)
                0x20000468                _estack = .
                0x20000468                . = ALIGN (0x4)
                0x20000468                _end = .
OUTPUT(ATSAMD10_LCD_UART.elf elf32-littlearm)

.ARM.attributes
                0x00000000       0x28
 .ARM.attributes
                0x00000000       0x1e c:/program files (x86)/atmel/studio/7.0/toolchain/arm/arm-gnu-toolchain/bin/../lib/gcc/arm-none-eabi/6.3.1/thumb/v6-m/crti.o
 .ARM.attributes
                0x0000001e       0x2c c:/program files (x86)/atmel/studio/7.0/toolchain/arm/arm-gnu-toolchain/bin/../lib/gcc/arm-none-eabi/6.3.1/thumb/v6-m/crtbegin.o
 .ARM.attributes
                0x0000004a       0x32 lcd.o
 .ARM.attributes
                0x0000007c       0x32 src/ASF/sam0/drivers/sercom/usart/usart.o
 .ARM.attributes
                0x000000ae       0x32 src/ASF/common2/services/delay/sam0/systick_counter.o
 .ARM.attributes
                0x000000e0       0x32 src/ASF/sam0/drivers/sercom/sercom.o
 .ARM.attributes
                0x00000112       0x32 src/ASF/sam0/drivers/sercom/spi/spi.o
 .ARM.attributes
                0x00000144       0x32 src/ASF/common/utils/interrupt/interrupt_sam_nvic.o
 .ARM.attributes
                0x00000176       0x32 src/ASF/sam0/boards/samd10_xplained_mini/board_init.o
 .ARM.attributes
                0x000001a8       0x32 src/ASF/sam0/drivers/port/port.o
 .ARM.attributes
                0x000001da       0x32 src/ASF/sam0/drivers/system/clock/clock_samd09_d10_d11/clock.o
 .ARM.attributes
                0x0000020c       0x32 src/ASF/sam0/drivers/system/clock/clock_samd09_d10_d11/gclk.o
 .ARM.attributes
                0x0000023e       0x32 src/ASF/sam0/drivers/system/pinmux/pinmux.o
 .ARM.attributes
                0x00000270       0x32 src/ASF/sam0/drivers/system/system.o
 .ARM.attributes
                0x000002a2       0x32 src/ASF/sam0/utils/cmsis/samd10/source/gcc/startup_samd10.o
 .ARM.attributes
                0x000002d4       0x32 src/main.o
 .ARM.attributes
                0x00000306       0x1e c:/program files (x86)/atmel/studio/7.0/toolchain/arm/arm-gnu-toolchain/bin/../lib/gcc/arm-none-eabi/6.3.1/thumb/v6-m\libgcc.a(_udivsi3.o)
 .ARM.attributes
                0x00000324       0x1e c:/program files (x86)/atmel/studio/7.0/toolchain/arm/arm-gnu-toolchain/bin/../lib/gcc/arm-none-eabi/6.3.1/thumb/v6-m\libgcc.a(_dvmd_tls.o)
 .ARM.attributes
                0x00000342       0x2c c:/program files (x86)/atmel/studio/7.0/toolchain/arm/arm-gnu-toolchain/bin/../lib/gcc/arm-none-eabi/6.3.1/thumb/v6-m\libgcc.a(_muldi3.o)
 .ARM.attributes
                0x0000036e       0x2c c:/program files (x86)/atmel/studio/7.0/toolchain/arm/arm-gnu-toolchain/bin/../lib/gcc/arm-none-eabi/6.3.1/../../../../arm-none-eabi/lib/thumb/v6-m\libc_nano.a(lib_a-init.o)
 .ARM.attributes
                0x0000039a       0x2c c:/program files (x86)/atmel/studio/7.0/toolchain/arm/arm-gnu-toolchain/bin/../lib/gcc/arm-none-eabi/6.3.1/../../../../arm-none-eabi/lib/thumb/v6-m\libc_nano.a(lib_a-memset.o)
 .ARM.attributes
                0x000003c6       0x1e c:/program files (x86)/atmel/studio/7.0/toolchain/arm/arm-gnu-toolchain/bin/../lib/gcc/arm-none-eabi/6.3.1/thumb/v6-m/crtn.o

.comment        0x00000000       0x59
 .comment       0x00000000       0x59 lcd.o
                                 0x5a (size before relaxing)
 .comment       0x00000059       0x5a src/ASF/sam0/drivers/sercom/usart/usart.o
 .comment       0x00000059       0x5a src/ASF/common2/services/delay/sam0/systick_counter.o
 .comment       0x00000059       0x5a src/ASF/sam0/drivers/sercom/sercom.o
 .comment       0x00000059       0x5a src/ASF/sam0/drivers/sercom/spi/spi.o
 .comment       0x00000059       0x5a src/ASF/common/utils/interrupt/interrupt_sam_nvic.o
 .comment       0x00000059       0x5a src/ASF/sam0/boards/samd10_xplained_mini/board_init.o
 .comment       0x00000059       0x5a src/ASF/sam0/drivers/port/port.o
 .comment       0x00000059       0x5a src/ASF/sam0/drivers/system/clock/clock_samd09_d10_d11/clock.o
 .comment       0x00000059       0x5a src/ASF/sam0/drivers/system/clock/clock_samd09_d10_d11/gclk.o
 .comment       0x00000059       0x5a src/ASF/sam0/drivers/system/pinmux/pinmux.o
 .comment       0x00000059       0x5a src/ASF/sam0/drivers/system/system.o
 .comment       0x00000059       0x5a src/ASF/sam0/utils/cmsis/samd10/source/gcc/startup_samd10.o
 .comment       0x00000059       0x5a src/main.o

.debug_info     0x00000000    0x22d27
 .debug_info    0x00000000     0x4f45 lcd.o
 .debug_info    0x00004f45     0x4a38 src/ASF/sam0/drivers/sercom/usart/usart.o
 .debug_info    0x0000997d      0xb8d src/ASF/common2/services/delay/sam0/systick_counter.o
 .debug_info    0x0000a50a     0x2d94 src/ASF/sam0/drivers/sercom/sercom.o
 .debug_info    0x0000d29e     0x670b src/ASF/sam0/drivers/sercom/spi/spi.o
 .debug_info    0x000139a9      0xb07 src/ASF/common/utils/interrupt/interrupt_sam_nvic.o
 .debug_info    0x000144b0     0x12ab src/ASF/sam0/boards/samd10_xplained_mini/board_init.o
 .debug_info    0x0001575b     0x12b6 src/ASF/sam0/drivers/port/port.o
 .debug_info    0x00016a11     0x3855 src/ASF/sam0/drivers/system/clock/clock_samd09_d10_d11/clock.o
 .debug_info    0x0001a266     0x1e4e src/ASF/sam0/drivers/system/clock/clock_samd09_d10_d11/gclk.o
 .debug_info    0x0001c0b4     0x13f2 src/ASF/sam0/drivers/system/pinmux/pinmux.o
 .debug_info    0x0001d4a6      0xa73 src/ASF/sam0/drivers/system/system.o
 .debug_info    0x0001df19     0x1ab0 src/ASF/sam0/utils/cmsis/samd10/source/gcc/startup_samd10.o
 .debug_info    0x0001f9c9     0x335e src/main.o

.debug_abbrev   0x00000000     0x2f13
 .debug_abbrev  0x00000000      0x49c lcd.o
 .debug_abbrev  0x0000049c      0x47d src/ASF/sam0/drivers/sercom/usart/usart.o
 .debug_abbrev  0x00000919      0x24b src/ASF/common2/services/delay/sam0/systick_counter.o
 .debug_abbrev  0x00000b64      0x378 src/ASF/sam0/drivers/sercom/sercom.o
 .debug_abbrev  0x00000edc      0x532 src/ASF/sam0/drivers/sercom/spi/spi.o
 .debug_abbrev  0x0000140e      0x22c src/ASF/common/utils/interrupt/interrupt_sam_nvic.o
 .debug_abbrev  0x0000163a      0x2cf src/ASF/sam0/boards/samd10_xplained_mini/board_init.o
 .debug_abbrev  0x00001909      0x298 src/ASF/sam0/drivers/port/port.o
 .debug_abbrev  0x00001ba1      0x493 src/ASF/sam0/drivers/system/clock/clock_samd09_d10_d11/clock.o
 .debug_abbrev  0x00002034      0x40d src/ASF/sam0/drivers/system/clock/clock_samd09_d10_d11/gclk.o
 .debug_abbrev  0x00002441      0x354 src/ASF/sam0/drivers/system/pinmux/pinmux.o
 .debug_abbrev  0x00002795      0x1e1 src/ASF/sam0/drivers/system/system.o
 .debug_abbrev  0x00002976      0x200 src/ASF/sam0/utils/cmsis/samd10/source/gcc/startup_samd10.o
 .debug_abbrev  0x00002b76      0x39d src/main.o

.debug_loc      0x00000000     0x72fd
 .debug_loc     0x00000000     0x1297 lcd.o
 .debug_loc     0x00001297      0xdd9 src/ASF/sam0/drivers/sercom/usart/usart.o
 .debug_loc     0x00002070       0xe4 src/ASF/common2/services/delay/sam0/systick_counter.o
 .debug_loc     0x00002154      0x893 src/ASF/sam0/drivers/sercom/sercom.o
 .debug_loc     0x000029e7     0x2d19 src/ASF/sam0/drivers/sercom/spi/spi.o
 .debug_loc     0x00005700       0x8a src/ASF/sam0/boards/samd10_xplained_mini/board_init.o
 .debug_loc     0x0000578a      0x13d src/ASF/sam0/drivers/port/port.o
 .debug_loc     0x000058c7      0xf63 src/ASF/sam0/drivers/system/clock/clock_samd09_d10_d11/clock.o
 .debug_loc     0x0000682a      0x504 src/ASF/sam0/drivers/system/clock/clock_samd09_d10_d11/gclk.o
 .debug_loc     0x00006d2e      0x36d src/ASF/sam0/drivers/system/pinmux/pinmux.o
 .debug_loc     0x0000709b       0x20 src/ASF/sam0/drivers/system/system.o
 .debug_loc     0x000070bb       0x40 src/ASF/sam0/utils/cmsis/samd10/source/gcc/startup_samd10.o
 .debug_loc     0x000070fb      0x202 src/main.o

.debug_aranges  0x00000000      0x3f8
 .debug_aranges
                0x00000000       0xc0 lcd.o
 .debug_aranges
                0x000000c0       0x40 src/ASF/sam0/drivers/sercom/usart/usart.o
 .debug_aranges
                0x00000100       0x30 src/ASF/common2/services/delay/sam0/systick_counter.o
 .debug_aranges
                0x00000130       0x48 src/ASF/sam0/drivers/sercom/sercom.o
 .debug_aranges
                0x00000178       0x58 src/ASF/sam0/drivers/sercom/spi/spi.o
 .debug_aranges
                0x000001d0       0x28 src/ASF/common/utils/interrupt/interrupt_sam_nvic.o
 .debug_aranges
                0x000001f8       0x20 src/ASF/sam0/boards/samd10_xplained_mini/board_init.o
 .debug_aranges
                0x00000218       0x28 src/ASF/sam0/drivers/port/port.o
 .debug_aranges
                0x00000240       0x78 src/ASF/sam0/drivers/system/clock/clock_samd09_d10_d11/clock.o
 .debug_aranges
                0x000002b8       0x80 src/ASF/sam0/drivers/system/clock/clock_samd09_d10_d11/gclk.o
 .debug_aranges
                0x00000338       0x40 src/ASF/sam0/drivers/system/pinmux/pinmux.o
 .debug_aranges
                0x00000378       0x28 src/ASF/sam0/drivers/system/system.o
 .debug_aranges
                0x000003a0       0x28 src/ASF/sam0/utils/cmsis/samd10/source/gcc/startup_samd10.o
 .debug_aranges
                0x000003c8       0x30 src/main.o

.debug_ranges   0x00000000      0x958
 .debug_ranges  0x00000000      0x128 lcd.o
 .debug_ranges  0x00000128      0x148 src/ASF/sam0/drivers/sercom/usart/usart.o
 .debug_ranges  0x00000270       0x50 src/ASF/common2/services/delay/sam0/systick_counter.o
 .debug_ranges  0x000002c0       0x58 src/ASF/sam0/drivers/sercom/sercom.o
 .debug_ranges  0x00000318      0x490 src/ASF/sam0/drivers/sercom/spi/spi.o
 .debug_ranges  0x000007a8       0x18 src/ASF/common/utils/interrupt/interrupt_sam_nvic.o
 .debug_ranges  0x000007c0       0x10 src/ASF/sam0/boards/samd10_xplained_mini/board_init.o
 .debug_ranges  0x000007d0       0x18 src/ASF/sam0/drivers/port/port.o
 .debug_ranges  0x000007e8       0x68 src/ASF/sam0/drivers/system/clock/clock_samd09_d10_d11/clock.o
 .debug_ranges  0x00000850       0x88 src/ASF/sam0/drivers/system/clock/clock_samd09_d10_d11/gclk.o
 .debug_ranges  0x000008d8       0x30 src/ASF/sam0/drivers/system/pinmux/pinmux.o
 .debug_ranges  0x00000908       0x18 src/ASF/sam0/drivers/system/system.o
 .debug_ranges  0x00000920       0x18 src/ASF/sam0/utils/cmsis/samd10/source/gcc/startup_samd10.o
 .debug_ranges  0x00000938       0x20 src/main.o

.debug_macro    0x00000000    0x1494d
 .debug_macro   0x00000000      0x602 lcd.o
 .debug_macro   0x00000602      0x8c2 lcd.o
 .debug_macro   0x00000ec4      0x16d lcd.o
 .debug_macro   0x00001031      0x6d7 lcd.o
 .debug_macro   0x00001708       0x22 lcd.o
 .debug_macro   0x0000172a       0x87 lcd.o
 .debug_macro   0x000017b1       0x51 lcd.o
 .debug_macro   0x00001802       0xef lcd.o
 .debug_macro   0x000018f1       0x6a lcd.o
 .debug_macro   0x0000195b      0x1df lcd.o
 .debug_macro   0x00001b3a       0x10 lcd.o
 .debug_macro   0x00001b4a       0x76 lcd.o
 .debug_macro   0x00001bc0       0x16 lcd.o
 .debug_macro   0x00001bd6      0x6db lcd.o
 .debug_macro   0x000022b1      0xdd8 lcd.o
 .debug_macro   0x00003089       0x22 lcd.o
 .debug_macro   0x000030ab       0x40 lcd.o
 .debug_macro   0x000030eb       0x3a lcd.o
 .debug_macro   0x00003125       0x1f lcd.o
 .debug_macro   0x00003144      0x250 lcd.o
 .debug_macro   0x00003394      0x682 lcd.o
 .debug_macro   0x00003a16      0x8b8 lcd.o
 .debug_macro   0x000042ce      0x233 lcd.o
 .debug_macro   0x00004501      0xbd4 lcd.o
 .debug_macro   0x000050d5      0x5b8 lcd.o
 .debug_macro   0x0000568d      0x7c8 lcd.o
 .debug_macro   0x00005e55      0x4e3 lcd.o
 .debug_macro   0x00006338      0x3a2 lcd.o
 .debug_macro   0x000066da      0x190 lcd.o
 .debug_macro   0x0000686a      0x21f lcd.o
 .debug_macro   0x00006a89      0x73c lcd.o
 .debug_macro   0x000071c5       0x5e lcd.o
 .debug_macro   0x00007223      0x60e lcd.o
 .debug_macro   0x00007831      0x3b6 lcd.o
 .debug_macro   0x00007be7      0xc53 lcd.o
 .debug_macro   0x0000883a     0x1092 lcd.o
 .debug_macro   0x000098cc      0xc19 lcd.o
 .debug_macro   0x0000a4e5      0x6ba lcd.o
 .debug_macro   0x0000ab9f     0x1b8a lcd.o
 .debug_macro   0x0000c729      0x347 lcd.o
 .debug_macro   0x0000ca70       0x7c lcd.o
 .debug_macro   0x0000caec       0xa0 lcd.o
 .debug_macro   0x0000cb8c       0x4c lcd.o
 .debug_macro   0x0000cbd8       0xca lcd.o
 .debug_macro   0x0000cca2       0xbe lcd.o
 .debug_macro   0x0000cd60       0x58 lcd.o
 .debug_macro   0x0000cdb8      0x21d lcd.o
 .debug_macro   0x0000cfd5       0x82 lcd.o
 .debug_macro   0x0000d057      0x190 lcd.o
 .debug_macro   0x0000d1e7       0xa0 lcd.o
 .debug_macro   0x0000d287       0xc4 lcd.o
 .debug_macro   0x0000d34b       0x1c lcd.o
 .debug_macro   0x0000d367       0x1c lcd.o
 .debug_macro   0x0000d383       0x1c lcd.o
 .debug_macro   0x0000d39f       0x82 lcd.o
 .debug_macro   0x0000d421      0x112 lcd.o
 .debug_macro   0x0000d533       0xdc lcd.o
 .debug_macro   0x0000d60f      0x129 lcd.o
 .debug_macro   0x0000d738      0x129 lcd.o
 .debug_macro   0x0000d861      0x129 lcd.o
 .debug_macro   0x0000d98a      0x11e lcd.o
 .debug_macro   0x0000daa8       0xe2 lcd.o
 .debug_macro   0x0000db8a       0xe2 lcd.o
 .debug_macro   0x0000dc6c      0x12a lcd.o
 .debug_macro   0x0000dd96       0x40 lcd.o
 .debug_macro   0x0000ddd6      0x2d5 lcd.o
 .debug_macro   0x0000e0ab      0xf20 lcd.o
 .debug_macro   0x0000efcb       0x5f lcd.o
 .debug_macro   0x0000f02a       0x58 lcd.o
 .debug_macro   0x0000f082       0x35 lcd.o
 .debug_macro   0x0000f0b7       0x9c lcd.o
 .debug_macro   0x0000f153       0x16 lcd.o
 .debug_macro   0x0000f169       0x35 lcd.o
 .debug_macro   0x0000f19e      0x353 lcd.o
 .debug_macro   0x0000f4f1       0x10 lcd.o
 .debug_macro   0x0000f501       0x58 lcd.o
 .debug_macro   0x0000f559       0x1f lcd.o
 .debug_macro   0x0000f578       0x43 lcd.o
 .debug_macro   0x0000f5bb       0x20 lcd.o
 .debug_macro   0x0000f5db      0x187 lcd.o
 .debug_macro   0x0000f762       0x10 lcd.o
 .debug_macro   0x0000f772       0x1c lcd.o
 .debug_macro   0x0000f78e       0x52 lcd.o
 .debug_macro   0x0000f7e0       0x40 lcd.o
 .debug_macro   0x0000f820       0x10 lcd.o
 .debug_macro   0x0000f830       0x40 lcd.o
 .debug_macro   0x0000f870       0xd7 lcd.o
 .debug_macro   0x0000f947       0x16 lcd.o
 .debug_macro   0x0000f95d      0x18b lcd.o
 .debug_macro   0x0000fae8       0x16 lcd.o
 .debug_macro   0x0000fafe       0x16 lcd.o
 .debug_macro   0x0000fb14       0x29 lcd.o
 .debug_macro   0x0000fb3d       0x51 lcd.o
 .debug_macro   0x0000fb8e       0x3e lcd.o
 .debug_macro   0x0000fbcc      0x3df lcd.o
 .debug_macro   0x0000ffab       0x11 lcd.o
 .debug_macro   0x0000ffbc       0x16 lcd.o
 .debug_macro   0x0000ffd2       0x16 lcd.o
 .debug_macro   0x0000ffe8      0x2c3 lcd.o
 .debug_macro   0x000102ab      0x112 lcd.o
 .debug_macro   0x000103bd       0x18 lcd.o
 .debug_macro   0x000103d5       0x16 lcd.o
 .debug_macro   0x000103eb       0x2e lcd.o
 .debug_macro   0x00010419       0x5e lcd.o
 .debug_macro   0x00010477       0x10 lcd.o
 .debug_macro   0x00010487       0x16 lcd.o
 .debug_macro   0x0001049d       0x16 lcd.o
 .debug_macro   0x000104b3       0x35 lcd.o
 .debug_macro   0x000104e8       0x49 lcd.o
 .debug_macro   0x00010531      0x174 lcd.o
 .debug_macro   0x000106a5      0x51f src/ASF/sam0/drivers/sercom/usart/usart.o
 .debug_macro   0x00010bc4       0x51 src/ASF/sam0/drivers/sercom/usart/usart.o
 .debug_macro   0x00010c15      0x4d5 src/ASF/common2/services/delay/sam0/systick_counter.o
 .debug_macro   0x000110ea      0x527 src/ASF/sam0/drivers/sercom/sercom.o
 .debug_macro   0x00011611      0x55e src/ASF/sam0/drivers/sercom/spi/spi.o
 .debug_macro   0x00011b6f      0x49a src/ASF/common/utils/interrupt/interrupt_sam_nvic.o
 .debug_macro   0x00012009      0x4d8 src/ASF/sam0/boards/samd10_xplained_mini/board_init.o
 .debug_macro   0x000124e1      0x4b6 src/ASF/sam0/drivers/port/port.o
 .debug_macro   0x00012997      0x50d src/ASF/sam0/drivers/system/clock/clock_samd09_d10_d11/clock.o
 .debug_macro   0x00012ea4      0x22f src/ASF/sam0/drivers/system/clock/clock_samd09_d10_d11/clock.o
 .debug_macro   0x000130d3      0x4d0 src/ASF/sam0/drivers/system/clock/clock_samd09_d10_d11/gclk.o
 .debug_macro   0x000135a3      0x4aa src/ASF/sam0/drivers/system/pinmux/pinmux.o
 .debug_macro   0x00013a4d       0x12 src/ASF/sam0/drivers/system/pinmux/pinmux.o
 .debug_macro   0x00013a5f      0x4dd src/ASF/sam0/drivers/system/system.o
 .debug_macro   0x00013f3c      0x281 src/ASF/sam0/utils/cmsis/samd10/source/gcc/startup_samd10.o
 .debug_macro   0x000141bd       0x3a src/ASF/sam0/utils/cmsis/samd10/source/gcc/startup_samd10.o
 .debug_macro   0x000141f7      0x5dc src/main.o
 .debug_macro   0x000147d3      0x17a src/main.o

.debug_line     0x00000000     0x9ae4
 .debug_line    0x00000000      0xf99 lcd.o
 .debug_line    0x00000f99      0xc9b src/ASF/sam0/drivers/sercom/usart/usart.o
 .debug_line    0x00001c34      0x953 src/ASF/common2/services/delay/sam0/systick_counter.o
 .debug_line    0x00002587      0xb36 src/ASF/sam0/drivers/sercom/sercom.o
 .debug_line    0x000030bd     0x1307 src/ASF/sam0/drivers/sercom/spi/spi.o
 .debug_line    0x000043c4      0x85f src/ASF/common/utils/interrupt/interrupt_sam_nvic.o
 .debug_line    0x00004c23      0x907 src/ASF/sam0/boards/samd10_xplained_mini/board_init.o
 .debug_line    0x0000552a      0x88c src/ASF/sam0/drivers/port/port.o
 .debug_line    0x00005db6      0xc39 src/ASF/sam0/drivers/system/clock/clock_samd09_d10_d11/clock.o
 .debug_line    0x000069ef      0xc09 src/ASF/sam0/drivers/system/clock/clock_samd09_d10_d11/gclk.o
 .debug_line    0x000075f8      0x8d9 src/ASF/sam0/drivers/system/pinmux/pinmux.o
 .debug_line    0x00007ed1      0x980 src/ASF/sam0/drivers/system/system.o
 .debug_line    0x00008851      0x5dc src/ASF/sam0/utils/cmsis/samd10/source/gcc/startup_samd10.o
 .debug_line    0x00008e2d      0xcb7 src/main.o

.debug_str      0x00000000    0x6e57d
 .debug_str     0x00000000    0x69d69 lcd.o
                              0x6a3b9 (size before relaxing)
 .debug_str     0x00069d69      0xe90 src/ASF/sam0/drivers/sercom/usart/usart.o
                              0x69268 (size before relaxing)
 .debug_str     0x0006abf9       0xac src/ASF/common2/services/delay/sam0/systick_counter.o
                              0x673fb (size before relaxing)
 .debug_str     0x0006aca5      0x256 src/ASF/sam0/drivers/sercom/sercom.o
                              0x6860f (size before relaxing)
 .debug_str     0x0006aefb      0x253 src/ASF/sam0/drivers/sercom/spi/spi.o
                              0x6940b (size before relaxing)
 .debug_str     0x0006b14e       0x94 src/ASF/common/utils/interrupt/interrupt_sam_nvic.o
                              0x671eb (size before relaxing)
 .debug_str     0x0006b1e2       0x4b src/ASF/sam0/boards/samd10_xplained_mini/board_init.o
                              0x68334 (size before relaxing)
 .debug_str     0x0006b22d       0x59 src/ASF/sam0/drivers/port/port.o
                              0x67602 (size before relaxing)
 .debug_str     0x0006b286     0x2571 src/ASF/sam0/drivers/system/clock/clock_samd09_d10_d11/clock.o
                              0x6a134 (size before relaxing)
 .debug_str     0x0006d7f7      0x230 src/ASF/sam0/drivers/system/clock/clock_samd09_d10_d11/gclk.o
                              0x67e41 (size before relaxing)
 .debug_str     0x0006da27      0x179 src/ASF/sam0/drivers/system/pinmux/pinmux.o
                              0x6768d (size before relaxing)
 .debug_str     0x0006dba0       0x47 src/ASF/sam0/drivers/system/system.o
                              0x672c8 (size before relaxing)
 .debug_str     0x0006dbe7      0x7ff src/ASF/sam0/utils/cmsis/samd10/source/gcc/startup_samd10.o
                              0x51ef8 (size before relaxing)
 .debug_str     0x0006e3e6      0x197 src/main.o
                              0x69f04 (size before relaxing)

.debug_frame    0x00000000      0xb0c
 .debug_frame   0x00000000      0x2c8 lcd.o
 .debug_frame   0x000002c8       0xac src/ASF/sam0/drivers/sercom/usart/usart.o
 .debug_frame   0x00000374       0x64 src/ASF/common2/services/delay/sam0/systick_counter.o
 .debug_frame   0x000003d8       0xbc src/ASF/sam0/drivers/sercom/sercom.o
 .debug_frame   0x00000494      0x120 src/ASF/sam0/drivers/sercom/spi/spi.o
 .debug_frame   0x000005b4       0x30 src/ASF/common/utils/interrupt/interrupt_sam_nvic.o
 .debug_frame   0x000005e4       0x30 src/ASF/sam0/boards/samd10_xplained_mini/board_init.o
 .debug_frame   0x00000614       0x44 src/ASF/sam0/drivers/port/port.o
 .debug_frame   0x00000658      0x150 src/ASF/sam0/drivers/system/clock/clock_samd09_d10_d11/clock.o
 .debug_frame   0x000007a8      0x148 src/ASF/sam0/drivers/system/clock/clock_samd09_d10_d11/gclk.o
 .debug_frame   0x000008f0       0x98 src/ASF/sam0/drivers/system/pinmux/pinmux.o
 .debug_frame   0x00000988       0x38 src/ASF/sam0/drivers/system/system.o
 .debug_frame   0x000009c0       0x38 src/ASF/sam0/utils/cmsis/samd10/source/gcc/startup_samd10.o
 .debug_frame   0x000009f8       0x74 src/main.o
 .debug_frame   0x00000a6c       0x20 c:/program files (x86)/atmel/studio/7.0/toolchain/arm/arm-gnu-toolchain/bin/../lib/gcc/arm-none-eabi/6.3.1/thumb/v6-m\libgcc.a(_udivsi3.o)
 .debug_frame   0x00000a8c       0x34 c:/program files (x86)/atmel/studio/7.0/toolchain/arm/arm-gnu-toolchain/bin/../lib/gcc/arm-none-eabi/6.3.1/thumb/v6-m\libgcc.a(_muldi3.o)
 .debug_frame   0x00000ac0       0x2c c:/program files (x86)/atmel/studio/7.0/toolchain/arm/arm-gnu-toolchain/bin/../lib/gcc/arm-none-eabi/6.3.1/../../../../arm-none-eabi/lib/thumb/v6-m\libc_nano.a(lib_a-init.o)
 .debug_frame   0x00000aec       0x20 c:/program files (x86)/atmel/studio/7.0/toolchain/arm/arm-gnu-toolchain/bin/../lib/gcc/arm-none-eabi/6.3.1/../../../../arm-none-eabi/lib/thumb/v6-m\libc_nano.a(lib_a-memset.o)

Cross Reference Table

Symbol                                            File
AC_Handler                                        src/ASF/sam0/utils/cmsis/samd10/source/gcc/startup_samd10.o
ADC_Handler                                       src/ASF/sam0/utils/cmsis/samd10/source/gcc/startup_samd10.o
DAC_Handler                                       src/ASF/sam0/utils/cmsis/samd10/source/gcc/startup_samd10.o
DMAC_Handler                                      src/ASF/sam0/utils/cmsis/samd10/source/gcc/startup_samd10.o
Dummy_Handler                                     src/ASF/sam0/utils/cmsis/samd10/source/gcc/startup_samd10.o
EIC_Handler                                       src/ASF/sam0/utils/cmsis/samd10/source/gcc/startup_samd10.o
EVSYS_Handler                                     src/ASF/sam0/utils/cmsis/samd10/source/gcc/startup_samd10.o
HardFault_Handler                                 src/ASF/sam0/utils/cmsis/samd10/source/gcc/startup_samd10.o
LCD_clearScreen                                   lcd.o
                                                  src/main.o
LCD_command                                       lcd.o
LCD_data                                          lcd.o
LCD_data16                                        lcd.o
LCD_drawLine                                      lcd.o
LCD_drawPixel                                     lcd.o
                                                  src/main.o
LCD_drawXLine                                     lcd.o
                                                  src/main.o
LCD_drawYLine                                     lcd.o
                                                  src/main.o
LCD_init                                          lcd.o
                                                  src/main.o
LCD_setAddr                                       lcd.o
NMI_Handler                                       src/ASF/sam0/utils/cmsis/samd10/source/gcc/startup_samd10.o
NVMCTRL_Handler                                   src/ASF/sam0/utils/cmsis/samd10/source/gcc/startup_samd10.o
PM_Handler                                        src/ASF/sam0/utils/cmsis/samd10/source/gcc/startup_samd10.o
PTC_Handler                                       src/ASF/sam0/utils/cmsis/samd10/source/gcc/startup_samd10.o
PendSV_Handler                                    src/ASF/sam0/utils/cmsis/samd10/source/gcc/startup_samd10.o
RTC_Handler                                       src/ASF/sam0/utils/cmsis/samd10/source/gcc/startup_samd10.o
Reset_Handler                                     src/ASF/sam0/utils/cmsis/samd10/source/gcc/startup_samd10.o
SERCOM0_Handler                                   src/ASF/sam0/utils/cmsis/samd10/source/gcc/startup_samd10.o
SERCOM1_Handler                                   src/ASF/sam0/utils/cmsis/samd10/source/gcc/startup_samd10.o
SERCOM2_Handler                                   src/ASF/sam0/utils/cmsis/samd10/source/gcc/startup_samd10.o
SVC_Handler                                       src/ASF/sam0/utils/cmsis/samd10/source/gcc/startup_samd10.o
SYSCTRL_Handler                                   src/ASF/sam0/utils/cmsis/samd10/source/gcc/startup_samd10.o
SysTick_Handler                                   src/ASF/sam0/utils/cmsis/samd10/source/gcc/startup_samd10.o
SystemCoreClock                                   src/ASF/sam0/utils/cmsis/samd10/source/system_samd10.o
SystemCoreClockUpdate                             src/ASF/sam0/utils/cmsis/samd10/source/system_samd10.o
SystemInit                                        src/ASF/sam0/utils/cmsis/samd10/source/system_samd10.o
TC1_Handler                                       src/ASF/sam0/utils/cmsis/samd10/source/gcc/startup_samd10.o
TC2_Handler                                       src/ASF/sam0/utils/cmsis/samd10/source/gcc/startup_samd10.o
TCC0_Handler                                      src/ASF/sam0/utils/cmsis/samd10/source/gcc/startup_samd10.o
WDT_Handler                                       src/ASF/sam0/utils/cmsis/samd10/source/gcc/startup_samd10.o
_Jv_RegisterClasses                               c:/program files (x86)/atmel/studio/7.0/toolchain/arm/arm-gnu-toolchain/bin/../lib/gcc/arm-none-eabi/6.3.1/thumb/v6-m/crtbegin.o
__aeabi_idiv0                                     c:/program files (x86)/atmel/studio/7.0/toolchain/arm/arm-gnu-toolchain/bin/../lib/gcc/arm-none-eabi/6.3.1/thumb/v6-m\libgcc.a(_dvmd_tls.o)
                                                  c:/program files (x86)/atmel/studio/7.0/toolchain/arm/arm-gnu-toolchain/bin/../lib/gcc/arm-none-eabi/6.3.1/thumb/v6-m\libgcc.a(_udivsi3.o)
__aeabi_ldiv0                                     c:/program files (x86)/atmel/studio/7.0/toolchain/arm/arm-gnu-toolchain/bin/../lib/gcc/arm-none-eabi/6.3.1/thumb/v6-m\libgcc.a(_dvmd_tls.o)
__aeabi_lmul                                      c:/program files (x86)/atmel/studio/7.0/toolchain/arm/arm-gnu-toolchain/bin/../lib/gcc/arm-none-eabi/6.3.1/thumb/v6-m\libgcc.a(_muldi3.o)
                                                  src/ASF/sam0/drivers/sercom/sercom.o
__aeabi_uidiv                                     c:/program files (x86)/atmel/studio/7.0/toolchain/arm/arm-gnu-toolchain/bin/../lib/gcc/arm-none-eabi/6.3.1/thumb/v6-m\libgcc.a(_udivsi3.o)
                                                  src/ASF/sam0/drivers/system/clock/clock_samd09_d10_d11/gclk.o
                                                  src/ASF/sam0/drivers/system/clock/clock_samd09_d10_d11/clock.o
                                                  src/ASF/common2/services/delay/sam0/systick_counter.o
__aeabi_uidivmod                                  c:/program files (x86)/atmel/studio/7.0/toolchain/arm/arm-gnu-toolchain/bin/../lib/gcc/arm-none-eabi/6.3.1/thumb/v6-m\libgcc.a(_udivsi3.o)
__bss_end__                                       c:/program files (x86)/atmel/studio/7.0/toolchain/arm/arm-gnu-toolchain/bin/../lib/gcc/arm-none-eabi/6.3.1/../../../../arm-none-eabi/lib/thumb/v6-m/crt0.o
__bss_start__                                     c:/program files (x86)/atmel/studio/7.0/toolchain/arm/arm-gnu-toolchain/bin/../lib/gcc/arm-none-eabi/6.3.1/../../../../arm-none-eabi/lib/thumb/v6-m/crt0.o
__call_exitprocs                                  c:/program files (x86)/atmel/studio/7.0/toolchain/arm/arm-gnu-toolchain/bin/../lib/gcc/arm-none-eabi/6.3.1/../../../../arm-none-eabi/lib/thumb/v6-m\libc_nano.a(lib_a-exit.o)
__deregister_frame_info                           c:/program files (x86)/atmel/studio/7.0/toolchain/arm/arm-gnu-toolchain/bin/../lib/gcc/arm-none-eabi/6.3.1/thumb/v6-m/crtbegin.o
__dso_handle                                      c:/program files (x86)/atmel/studio/7.0/toolchain/arm/arm-gnu-toolchain/bin/../lib/gcc/arm-none-eabi/6.3.1/thumb/v6-m/crtbegin.o
__init_array_end                                  c:/program files (x86)/atmel/studio/7.0/toolchain/arm/arm-gnu-toolchain/bin/../lib/gcc/arm-none-eabi/6.3.1/../../../../arm-none-eabi/lib/thumb/v6-m\libc_nano.a(lib_a-init.o)
__init_array_start                                c:/program files (x86)/atmel/studio/7.0/toolchain/arm/arm-gnu-toolchain/bin/../lib/gcc/arm-none-eabi/6.3.1/../../../../arm-none-eabi/lib/thumb/v6-m\libc_nano.a(lib_a-init.o)
__libc_fini_array                                 c:/program files (x86)/atmel/studio/7.0/toolchain/arm/arm-gnu-toolchain/bin/../lib/gcc/arm-none-eabi/6.3.1/../../../../arm-none-eabi/lib/thumb/v6-m/crt0.o
__libc_init_array                                 c:/program files (x86)/atmel/studio/7.0/toolchain/arm/arm-gnu-toolchain/bin/../lib/gcc/arm-none-eabi/6.3.1/../../../../arm-none-eabi/lib/thumb/v6-m\libc_nano.a(lib_a-init.o)
                                                  src/ASF/sam0/utils/cmsis/samd10/source/gcc/startup_samd10.o
                                                  c:/program files (x86)/atmel/studio/7.0/toolchain/arm/arm-gnu-toolchain/bin/../lib/gcc/arm-none-eabi/6.3.1/../../../../arm-none-eabi/lib/thumb/v6-m/crt0.o
__muldi3                                          c:/program files (x86)/atmel/studio/7.0/toolchain/arm/arm-gnu-toolchain/bin/../lib/gcc/arm-none-eabi/6.3.1/thumb/v6-m\libgcc.a(_muldi3.o)
__preinit_array_end                               c:/program files (x86)/atmel/studio/7.0/toolchain/arm/arm-gnu-toolchain/bin/../lib/gcc/arm-none-eabi/6.3.1/../../../../arm-none-eabi/lib/thumb/v6-m\libc_nano.a(lib_a-init.o)
__preinit_array_start                             c:/program files (x86)/atmel/studio/7.0/toolchain/arm/arm-gnu-toolchain/bin/../lib/gcc/arm-none-eabi/6.3.1/../../../../arm-none-eabi/lib/thumb/v6-m\libc_nano.a(lib_a-init.o)
__register_frame_info                             c:/program files (x86)/atmel/studio/7.0/toolchain/arm/arm-gnu-toolchain/bin/../lib/gcc/arm-none-eabi/6.3.1/thumb/v6-m/crtbegin.o
__sf_fake_stderr                                  c:/program files (x86)/atmel/studio/7.0/toolchain/arm/arm-gnu-toolchain/bin/../lib/gcc/arm-none-eabi/6.3.1/../../../../arm-none-eabi/lib/thumb/v6-m\libc_nano.a(lib_a-impure.o)
__sf_fake_stdin                                   c:/program files (x86)/atmel/studio/7.0/toolchain/arm/arm-gnu-toolchain/bin/../lib/gcc/arm-none-eabi/6.3.1/../../../../arm-none-eabi/lib/thumb/v6-m\libc_nano.a(lib_a-impure.o)
__sf_fake_stdout                                  c:/program files (x86)/atmel/studio/7.0/toolchain/arm/arm-gnu-toolchain/bin/../lib/gcc/arm-none-eabi/6.3.1/../../../../arm-none-eabi/lib/thumb/v6-m\libc_nano.a(lib_a-impure.o)
__stack                                           c:/program files (x86)/atmel/studio/7.0/toolchain/arm/arm-gnu-toolchain/bin/../lib/gcc/arm-none-eabi/6.3.1/../../../../arm-none-eabi/lib/thumb/v6-m/crt0.o
__udivsi3                                         c:/program files (x86)/atmel/studio/7.0/toolchain/arm/arm-gnu-toolchain/bin/../lib/gcc/arm-none-eabi/6.3.1/thumb/v6-m\libgcc.a(_udivsi3.o)
_close                                            src/ASF/sam0/utils/syscalls/gcc/syscalls.o
_end                                              src/ASF/sam0/utils/syscalls/gcc/syscalls.o
_erelocate                                        src/ASF/sam0/utils/cmsis/samd10/source/gcc/startup_samd10.o
_estack                                           src/ASF/sam0/utils/cmsis/samd10/source/gcc/startup_samd10.o
_etext                                            src/ASF/sam0/utils/cmsis/samd10/source/gcc/startup_samd10.o
_exit                                             src/ASF/sam0/utils/syscalls/gcc/syscalls.o
                                                  c:/program files (x86)/atmel/studio/7.0/toolchain/arm/arm-gnu-toolchain/bin/../lib/gcc/arm-none-eabi/6.3.1/../../../../arm-none-eabi/lib/thumb/v6-m\libc_nano.a(lib_a-exit.o)
_ezero                                            src/ASF/sam0/utils/cmsis/samd10/source/gcc/startup_samd10.o
_fini                                             c:/program files (x86)/atmel/studio/7.0/toolchain/arm/arm-gnu-toolchain/bin/../lib/gcc/arm-none-eabi/6.3.1/thumb/v6-m/crti.o
_fstat                                            src/ASF/sam0/utils/syscalls/gcc/syscalls.o
_getpid                                           src/ASF/sam0/utils/syscalls/gcc/syscalls.o
_global_impure_ptr                                c:/program files (x86)/atmel/studio/7.0/toolchain/arm/arm-gnu-toolchain/bin/../lib/gcc/arm-none-eabi/6.3.1/../../../../arm-none-eabi/lib/thumb/v6-m\libc_nano.a(lib_a-impure.o)
                                                  c:/program files (x86)/atmel/studio/7.0/toolchain/arm/arm-gnu-toolchain/bin/../lib/gcc/arm-none-eabi/6.3.1/../../../../arm-none-eabi/lib/thumb/v6-m\libc_nano.a(lib_a-exit.o)
_impure_ptr                                       c:/program files (x86)/atmel/studio/7.0/toolchain/arm/arm-gnu-toolchain/bin/../lib/gcc/arm-none-eabi/6.3.1/../../../../arm-none-eabi/lib/thumb/v6-m\libc_nano.a(lib_a-impure.o)
_init                                             c:/program files (x86)/atmel/studio/7.0/toolchain/arm/arm-gnu-toolchain/bin/../lib/gcc/arm-none-eabi/6.3.1/thumb/v6-m/crti.o
                                                  c:/program files (x86)/atmel/studio/7.0/toolchain/arm/arm-gnu-toolchain/bin/../lib/gcc/arm-none-eabi/6.3.1/../../../../arm-none-eabi/lib/thumb/v6-m\libc_nano.a(lib_a-init.o)
_isatty                                           src/ASF/sam0/utils/syscalls/gcc/syscalls.o
_kill                                             src/ASF/sam0/utils/syscalls/gcc/syscalls.o
_lseek                                            src/ASF/sam0/utils/syscalls/gcc/syscalls.o
_mainCRTStartup                                   c:/program files (x86)/atmel/studio/7.0/toolchain/arm/arm-gnu-toolchain/bin/../lib/gcc/arm-none-eabi/6.3.1/../../../../arm-none-eabi/lib/thumb/v6-m/crt0.o
_sbrk                                             src/ASF/sam0/utils/syscalls/gcc/syscalls.o
_sercom_get_async_baud_val                        src/ASF/sam0/drivers/sercom/sercom.o
                                                  src/ASF/sam0/drivers/sercom/usart/usart.o
_sercom_get_default_pad                           src/ASF/sam0/drivers/sercom/sercom.o
                                                  src/ASF/sam0/drivers/sercom/spi/spi.o
                                                  src/ASF/sam0/drivers/sercom/usart/usart.o
_sercom_get_sercom_inst_index                     src/ASF/sam0/drivers/sercom/sercom.o
                                                  src/ASF/sam0/drivers/sercom/spi/spi.o
                                                  src/ASF/sam0/drivers/sercom/usart/usart.o
_sercom_get_sync_baud_val                         src/ASF/sam0/drivers/sercom/sercom.o
                                                  src/ASF/sam0/drivers/sercom/spi/spi.o
                                                  src/ASF/sam0/drivers/sercom/usart/usart.o
_sfixed                                           src/ASF/sam0/utils/cmsis/samd10/source/gcc/startup_samd10.o
_srelocate                                        src/ASF/sam0/utils/cmsis/samd10/source/gcc/startup_samd10.o
_start                                            c:/program files (x86)/atmel/studio/7.0/toolchain/arm/arm-gnu-toolchain/bin/../lib/gcc/arm-none-eabi/6.3.1/../../../../arm-none-eabi/lib/thumb/v6-m/crt0.o
_system_divas_init                                src/ASF/sam0/drivers/system/system.o
_system_dummy_init                                src/ASF/sam0/drivers/system/system.o
_system_events_init                               src/ASF/sam0/drivers/system/system.o
_system_extint_init                               src/ASF/sam0/drivers/system/system.o
_szero                                            src/ASF/sam0/utils/cmsis/samd10/source/gcc/startup_samd10.o
atexit                                            c:/program files (x86)/atmel/studio/7.0/toolchain/arm/arm-gnu-toolchain/bin/../lib/gcc/arm-none-eabi/6.3.1/../../../../arm-none-eabi/lib/thumb/v6-m/crt0.o
board_init                                        src/ASF/sam0/boards/samd10_xplained_mini/board_init.o
configure_port_pins                               lcd.o
                                                  src/main.o
configure_spi_master                              lcd.o
                                                  src/main.o
configure_usart                                   src/main.o
cpu_irq_enter_critical                            src/ASF/common/utils/interrupt/interrupt_sam_nvic.o
                                                  src/ASF/sam0/drivers/system/clock/clock_samd09_d10_d11/gclk.o
cpu_irq_leave_critical                            src/ASF/common/utils/interrupt/interrupt_sam_nvic.o
                                                  src/ASF/sam0/drivers/system/clock/clock_samd09_d10_d11/gclk.o
delay_cycles_ms                                   src/ASF/common2/services/delay/sam0/systick_counter.o
                                                  lcd.o
delay_cycles_us                                   src/ASF/common2/services/delay/sam0/systick_counter.o
delay_init                                        src/ASF/common2/services/delay/sam0/systick_counter.o
                                                  src/main.o
drawChar                                          lcd.o
                                                  src/main.o
drawPoints                                        lcd.o
drawProgressBar                                   lcd.o
drawProgressBarVert                               lcd.o
drawString                                        lcd.o
                                                  src/main.o
drawXBar                                          lcd.o
drawYBar                                          lcd.o
exception_table                                   src/ASF/sam0/utils/cmsis/samd10/source/gcc/startup_samd10.o
exit                                              c:/program files (x86)/atmel/studio/7.0/toolchain/arm/arm-gnu-toolchain/bin/../lib/gcc/arm-none-eabi/6.3.1/../../../../arm-none-eabi/lib/thumb/v6-m\libc_nano.a(lib_a-exit.o)
                                                  c:/program files (x86)/atmel/studio/7.0/toolchain/arm/arm-gnu-toolchain/bin/../lib/gcc/arm-none-eabi/6.3.1/../../../../arm-none-eabi/lib/thumb/v6-m/crt0.o
g_interrupt_enabled                               src/ASF/common/utils/interrupt/interrupt_sam_nvic.o
hardware_init_hook                                c:/program files (x86)/atmel/studio/7.0/toolchain/arm/arm-gnu-toolchain/bin/../lib/gcc/arm-none-eabi/6.3.1/../../../../arm-none-eabi/lib/thumb/v6-m/crt0.o
link                                              src/ASF/sam0/utils/syscalls/gcc/syscalls.o
main                                              src/main.o
                                                  src/ASF/sam0/utils/cmsis/samd10/source/gcc/startup_samd10.o
                                                  c:/program files (x86)/atmel/studio/7.0/toolchain/arm/arm-gnu-toolchain/bin/../lib/gcc/arm-none-eabi/6.3.1/../../../../arm-none-eabi/lib/thumb/v6-m/crt0.o
memset                                            c:/program files (x86)/atmel/studio/7.0/toolchain/arm/arm-gnu-toolchain/bin/../lib/gcc/arm-none-eabi/6.3.1/../../../../arm-none-eabi/lib/thumb/v6-m\libc_nano.a(lib_a-memset.o)
                                                  src/main.o
                                                  lcd.o
                                                  c:/program files (x86)/atmel/studio/7.0/toolchain/arm/arm-gnu-toolchain/bin/../lib/gcc/arm-none-eabi/6.3.1/../../../../arm-none-eabi/lib/thumb/v6-m/crt0.o
port_group_set_config                             src/ASF/sam0/drivers/port/port.o
port_pin_set_config                               src/ASF/sam0/drivers/port/port.o
                                                  src/ASF/sam0/boards/samd10_xplained_mini/board_init.o
                                                  lcd.o
process_numbers                                   src/main.o
sercom_set_gclk_generator                         src/ASF/sam0/drivers/sercom/sercom.o
                                                  src/ASF/sam0/drivers/sercom/spi/spi.o
                                                  src/ASF/sam0/drivers/sercom/usart/usart.o
slave                                             lcd.o
software_init_hook                                c:/program files (x86)/atmel/studio/7.0/toolchain/arm/arm-gnu-toolchain/bin/../lib/gcc/arm-none-eabi/6.3.1/../../../../arm-none-eabi/lib/thumb/v6-m/crt0.o
spi_init                                          src/ASF/sam0/drivers/sercom/spi/spi.o
                                                  lcd.o
spi_io                                            lcd.o
spi_master_instance                               lcd.o
spi_read_buffer_wait                              src/ASF/sam0/drivers/sercom/spi/spi.o
spi_reset                                         src/ASF/sam0/drivers/sercom/spi/spi.o
spi_select_slave                                  src/ASF/sam0/drivers/sercom/spi/spi.o
                                                  lcd.o
spi_set_baudrate                                  src/ASF/sam0/drivers/sercom/spi/spi.o
spi_transceive_buffer_wait                        src/ASF/sam0/drivers/sercom/spi/spi.o
spi_transceive_wait                               src/ASF/sam0/drivers/sercom/spi/spi.o
spi_write_buffer_wait                             src/ASF/sam0/drivers/sercom/spi/spi.o
swap_num                                          lcd.o
system_board_init                                 src/ASF/sam0/boards/samd10_xplained_mini/board_init.o
system_clock_init                                 src/ASF/sam0/drivers/system/clock/clock_samd09_d10_d11/clock.o
system_clock_source_dfll_set_config               src/ASF/sam0/drivers/system/clock/clock_samd09_d10_d11/clock.o
system_clock_source_disable                       src/ASF/sam0/drivers/system/clock/clock_samd09_d10_d11/clock.o
system_clock_source_dpll_set_config               src/ASF/sam0/drivers/system/clock/clock_samd09_d10_d11/clock.o
system_clock_source_enable                        src/ASF/sam0/drivers/system/clock/clock_samd09_d10_d11/clock.o
system_clock_source_get_hz                        src/ASF/sam0/drivers/system/clock/clock_samd09_d10_d11/clock.o
                                                  src/ASF/sam0/drivers/system/clock/clock_samd09_d10_d11/gclk.o
system_clock_source_is_ready                      src/ASF/sam0/drivers/system/clock/clock_samd09_d10_d11/clock.o
system_clock_source_osc32k_set_config             src/ASF/sam0/drivers/system/clock/clock_samd09_d10_d11/clock.o
system_clock_source_osc8m_set_config              src/ASF/sam0/drivers/system/clock/clock_samd09_d10_d11/clock.o
system_clock_source_write_calibration             src/ASF/sam0/drivers/system/clock/clock_samd09_d10_d11/clock.o
system_clock_source_xosc32k_set_config            src/ASF/sam0/drivers/system/clock/clock_samd09_d10_d11/clock.o
system_clock_source_xosc_set_config               src/ASF/sam0/drivers/system/clock/clock_samd09_d10_d11/clock.o
system_gclk_chan_disable                          src/ASF/sam0/drivers/system/clock/clock_samd09_d10_d11/gclk.o
system_gclk_chan_enable                           src/ASF/sam0/drivers/system/clock/clock_samd09_d10_d11/gclk.o
                                                  src/ASF/sam0/drivers/system/clock/clock_samd09_d10_d11/clock.o
                                                  src/ASF/sam0/drivers/sercom/spi/spi.o
                                                  src/ASF/sam0/drivers/sercom/sercom.o
                                                  src/ASF/sam0/drivers/sercom/usart/usart.o
system_gclk_chan_get_hz                           src/ASF/sam0/drivers/system/clock/clock_samd09_d10_d11/gclk.o
                                                  src/ASF/sam0/drivers/system/clock/clock_samd09_d10_d11/clock.o
                                                  src/ASF/sam0/drivers/sercom/spi/spi.o
                                                  src/ASF/sam0/drivers/sercom/usart/usart.o
system_gclk_chan_is_enabled                       src/ASF/sam0/drivers/system/clock/clock_samd09_d10_d11/gclk.o
system_gclk_chan_is_locked                        src/ASF/sam0/drivers/system/clock/clock_samd09_d10_d11/gclk.o
system_gclk_chan_lock                             src/ASF/sam0/drivers/system/clock/clock_samd09_d10_d11/gclk.o
system_gclk_chan_set_config                       src/ASF/sam0/drivers/system/clock/clock_samd09_d10_d11/gclk.o
                                                  src/ASF/sam0/drivers/system/clock/clock_samd09_d10_d11/clock.o
                                                  src/ASF/sam0/drivers/sercom/spi/spi.o
                                                  src/ASF/sam0/drivers/sercom/sercom.o
                                                  src/ASF/sam0/drivers/sercom/usart/usart.o
system_gclk_gen_disable                           src/ASF/sam0/drivers/system/clock/clock_samd09_d10_d11/gclk.o
system_gclk_gen_enable                            src/ASF/sam0/drivers/system/clock/clock_samd09_d10_d11/gclk.o
                                                  src/ASF/sam0/drivers/system/clock/clock_samd09_d10_d11/clock.o
system_gclk_gen_get_hz                            src/ASF/sam0/drivers/system/clock/clock_samd09_d10_d11/gclk.o
                                                  src/ASF/common2/services/delay/sam0/systick_counter.o
system_gclk_gen_is_enabled                        src/ASF/sam0/drivers/system/clock/clock_samd09_d10_d11/gclk.o
system_gclk_gen_set_config                        src/ASF/sam0/drivers/system/clock/clock_samd09_d10_d11/gclk.o
                                                  src/ASF/sam0/drivers/system/clock/clock_samd09_d10_d11/clock.o
system_gclk_init                                  src/ASF/sam0/drivers/system/clock/clock_samd09_d10_d11/gclk.o
                                                  src/ASF/sam0/drivers/system/clock/clock_samd09_d10_d11/clock.o
system_init                                       src/ASF/sam0/drivers/system/system.o
                                                  src/main.o
system_interrupt_clear_pending                    src/ASF/sam0/drivers/system/interrupt/system_interrupt.o
system_interrupt_get_priority                     src/ASF/sam0/drivers/system/interrupt/system_interrupt.o
system_interrupt_is_pending                       src/ASF/sam0/drivers/system/interrupt/system_interrupt.o
system_interrupt_set_pending                      src/ASF/sam0/drivers/system/interrupt/system_interrupt.o
system_interrupt_set_priority                     src/ASF/sam0/drivers/system/interrupt/system_interrupt.o
system_pinmux_group_set_config                    src/ASF/sam0/drivers/system/pinmux/pinmux.o
                                                  src/ASF/sam0/drivers/port/port.o
system_pinmux_group_set_input_sample_mode         src/ASF/sam0/drivers/system/pinmux/pinmux.o
system_pinmux_group_set_output_strength           src/ASF/sam0/drivers/system/pinmux/pinmux.o
system_pinmux_pin_set_config                      src/ASF/sam0/drivers/system/pinmux/pinmux.o
                                                  src/ASF/sam0/drivers/port/port.o
                                                  src/ASF/sam0/drivers/sercom/spi/spi.o
                                                  src/ASF/sam0/drivers/sercom/usart/usart.o
usart_init                                        src/ASF/sam0/drivers/sercom/usart/usart.o
                                                  src/main.o
usart_instance                                    src/main.o
usart_read_buffer_wait                            src/ASF/sam0/drivers/sercom/usart/usart.o
usart_read_wait                                   src/ASF/sam0/drivers/sercom/usart/usart.o
                                                  src/main.o
usart_write_buffer_wait                           src/ASF/sam0/drivers/sercom/usart/usart.o
                                                  src/main.o
usart_write_wait                                  src/ASF/sam0/drivers/sercom/usart/usart.o
